C:/Users/salil madhav/Desktop/Projects/NTOS/Periodic Scheduler/Inc/CMSIS/Include/core_cm4.h:1816:22:__NVIC_SetPriority	16	static
../Src/OSKernel.c:33:6:OSKernelStackInit	16	static
../Src/OSKernel.c:64:9:OSKernelAddThreads	24	static,ignoring_inline_asm
../Src/OSKernel.c:104:6:OSKernelInit	4	static
../Src/OSKernel.c:109:6:OSKernelLaunch	16	static
../Src/OSKernel.c:139:29:SysTick_Handler	0	static,ignoring_inline_asm
../Src/OSKernel.c:181:6:OSSchedulerLaunch	4	static,ignoring_inline_asm
../Src/OSKernel.c:217:6:OSThreadYield	4	static
../Src/OSKernel.c:227:6:OSSchedulerRoundRobin	8	static
