11:14:50 **** Incremental Build of configuration Debug for project led ****
make -j4 all 
arm-none-eabi-gcc "../Core/Src/uart.c" -mcpu=cortex-m4 -std=gnu11 -g3 -DDEBUG -DUSE_HAL_DRIVER -DSTM32F446xx -c -I../Core/Inc -I../Drivers/STM32F4xx_HAL_Driver/Inc -I../Drivers/STM32F4xx_HAL_Driver/Inc/Legacy -I../Drivers/CMSIS/Device/ST/STM32F4xx/Include -I../Drivers/CMSIS/Include -O0 -ffunction-sections -fdata-sections -Wall -fstack-usage -MMD -MP -MF"Core/Src/uart.d" -MT"Core/Src/uart.o" --specs=nano.specs -mfpu=fpv4-sp-d16 -mfloat-abi=hard -mthumb -o "Core/Src/uart.o"
arm-none-eabi-gcc -o "led.elf" @"objects.list"   -mcpu=cortex-m4 -T"C:\Users\salil madhav\Desktop\NTOS\led\STM32F446RETX_FLASH.ld" --specs=nosys.specs -Wl,-Map="led.map" -Wl,--gc-sections -static --specs=nano.specs -mfpu=fpv4-sp-d16 -mfloat-abi=hard -mthumb -Wl,--start-group -lc -lm -Wl,--end-group
Finished building target: led.elf
 
arm-none-eabi-size   led.elf 
arm-none-eabi-objdump -h -S  led.elf  > "led.list"
   text	   data	    bss	    dec	    hex	filename
   1200	     12	   1572	   2784	    ae0	led.elf
Finished building: default.size.stdout
 
Finished building: led.list
 

11:14:52 Build Finished. 0 errors, 0 warnings. (took 1s.766ms)

