23:11:55 **** Incremental Build of configuration Debug for project TimeBase2 ****
make -j4 all 
arm-none-eabi-gcc "../Src/main.c" -mcpu=cortex-m4 -std=gnu11 -g3 -DDEBUG -DSTM32 -DSTM32F4 -DSTM32F446RETx -DNUCLEO_F446RE -DSTM32F446xx -c -I../Inc -I"C:/Users/salil madhav/Desktop/Projects/NTOS/LedDriver0/Inc/CMSIS/Device/ST/STM32F4xx/Include" -I"C:/Users/salil madhav/Desktop/Projects/NTOS/LedDriver0/Inc/CMSIS/Include" -O0 -ffunction-sections -fdata-sections -Wall -fstack-usage -MMD -MP -MF"Src/main.d" -MT"Src/main.o" --specs=nano.specs -mfpu=fpv4-sp-d16 -mfloat-abi=hard -mthumb -o "Src/main.o"
arm-none-eabi-gcc -o "TimeBase2.elf" @"objects.list"   -mcpu=cortex-m4 -T"C:\Users\salil madhav\Desktop\Projects\NTOS\TimeBase2\STM32F446RETX_FLASH.ld" --specs=nosys.specs -Wl,-Map="TimeBase2.map" -Wl,--gc-sections -static --specs=nano.specs -mfpu=fpv4-sp-d16 -mfloat-abi=hard -mthumb -Wl,--start-group -lc -lm -Wl,--end-group
Finished building target: TimeBase2.elf
 
arm-none-eabi-size   TimeBase2.elf 
arm-none-eabi-objdump -h -S  TimeBase2.elf  > "TimeBase2.list"
   text	   data	    bss	    dec	    hex	filename
   5692	    112	   1592	   7396	   1ce4	TimeBase2.elf
Finished building: default.size.stdout
 
Finished building: TimeBase2.list
 

23:11:55 Build Finished. 0 errors, 0 warnings. (took 750ms)

