21:00:31 **** Incremental Build of configuration Debug for project UARTDriver1 ****
make -j4 all 
arm-none-eabi-gcc "../Src/main.c" -mcpu=cortex-m4 -std=gnu11 -g3 -DDEBUG -DSTM32 -DSTM32F4 -DSTM32F446RETx -DNUCLEO_F446RE -DSTM32F446xx -c -I../Inc -I"C:/Users/salil madhav/Desktop/Projects/NTOS/LedDriver0/Inc/CMSIS/Device/ST/STM32F4xx/Include" -I"C:/Users/salil madhav/Desktop/Projects/NTOS/LedDriver0/Inc/CMSIS/Include" -O0 -ffunction-sections -fdata-sections -Wall -fstack-usage -MMD -MP -MF"Src/main.d" -MT"Src/main.o" --specs=nano.specs -mfpu=fpv4-sp-d16 -mfloat-abi=hard -mthumb -o "Src/main.o"
arm-none-eabi-gcc -o "UARTDriver1.elf" @"objects.list"   -mcpu=cortex-m4 -T"C:\Users\salil madhav\Desktop\Projects\NTOS\UARTDriver1\STM32F446RETX_FLASH.ld" --specs=nosys.specs -Wl,-Map="UARTDriver1.map" -Wl,--gc-sections -static --specs=nano.specs -mfpu=fpv4-sp-d16 -mfloat-abi=hard -mthumb -Wl,--start-group -lc -lm -Wl,--end-group
Finished building target: UARTDriver1.elf
 
arm-none-eabi-size   UARTDriver1.elf 
arm-none-eabi-objdump -h -S  UARTDriver1.elf  > "UARTDriver1.list"
   text	   data	    bss	    dec	    hex	filename
   4112	    108	   1588	   5808	   16b0	UARTDriver1.elf
Finished building: default.size.stdout
 
Finished building: UARTDriver1.list
 

21:00:32 Build Finished. 0 errors, 0 warnings. (took 875ms)

